C51 COMPILER V9.54   323WRETRTY                                                            03/24/2021 23:12:05 PAGE 1   


C51 COMPILER V9.54, COMPILATION OF MODULE 323WRETRTY
OBJECT MODULE PLACED IN .\Objects\323WRETRTY.obj
COMPILER INVOKED BY: D:\Keil\C51\BIN\C51.EXE 323WRETRTY.c OPTIMIZE(8,SPEED) BROWSE DEBUG OBJECTEXTEND PRINT(.\Listings\3
                    -23WRETRTY.lst) TABS(2) OBJECT(.\Objects\323WRETRTY.obj)

line level    source

   1          #include <REGX52.H>
   2          void delay(unsigned char);
   3          code unsigned char a[10]={
   4            0xC0,0xf9,0xa4,0xb0,0x99,0x92,0x82,0xf8,0x80,0x90
   5          };
   6          code unsigned char b[8]={
   7            0xa4,0xC0,0xa4,0xf9,0xC0,0xb0,0xa4,0x99
   8          };
   9          void main(void)
  10          {
  11   1        unsigned char i,count=0,j,k;
  12   1        for(;;)
  13   1        {
  14   2          for(count=0;count<8;count++)
  15   2          {
  16   3            for(j=0;j<30;j++)
  17   3            {
  18   4              for(k=0;k<8;k++)
  19   4              {
  20   5                if(count+k>=8)
  21   5                  P0=b[count+k-8];
  22   5                else
  23   5                  P0=b[count+k];
  24   5                delay(1);
  25   5                P2=1<<k;
  26   5                delay(1);
  27   5                P2=0;
  28   5              }
  29   4            }
  30   3            delay(30);
  31   3          }
  32   2        }
  33   1      }
*** WARNING C280 IN LINE 11 OF 323WRETRTY.c: 'i': unreferenced local variable
  34          void delay(unsigned char time)
  35          {
  36   1        unsigned char i;
  37   1        unsigned int j;
  38   1        for(i =0;i<time;i++)
  39   1        for(j=0;j<100;j++);
  40   1      }


MODULE INFORMATION:   STATIC OVERLAYABLE
   CODE SIZE        =    135    ----
   CONSTANT SIZE    =     18    ----
   XDATA SIZE       =   ----    ----
   PDATA SIZE       =   ----    ----
   DATA SIZE        =   ----       4
   IDATA SIZE       =   ----    ----
   BIT SIZE         =   ----    ----
END OF MODULE INFORMATION.


C51 COMPILATION COMPLETE.  1 WARNING(S),  0 ERROR(S)
